// Vitest Snapshot v1, https://vitest.dev/guide/snapshot.html

exports[`MyAwesomeApp > should match snapshot 1`] = `
<div>
  <div>
    <h1
      data-testid="first-name-title"
    >
      Raulito
    </h1>
    <h3>
      Carriscajo
    </h3>
    <p
      class="mi-clase-favorita"
    >
      Metal Gear, Death Stranding, Cyberpunk 2077
    </p>
    <h1
      style="background-color: green; padding: 10px; color: white;"
    >
       
      Active
       
    </h1>
    <p
      style="background-color: orange;"
    >
      {"zipCode":"28971","street":"Calle Falsa 123","country":"Spain"}
    </p>
  </div>
</div>
`;
